	Command being timed: "java -Xmx12g -jar data/raw/beagle.27Feb25.75f.jar gt=data/derived/array_targets.qc.vcf.gz ref=data/derived/panelB.vcf.gz map=data/raw/plink.chr20.GRCh37.map out=results/imputed_B nthreads=6"
	User time (seconds): 225.35
	System time (seconds): 11.89
	Percent of CPU this job got: 545%
	Elapsed (wall clock) time (h:mm:ss or m:ss): 0:43.52
	Average shared text size (kbytes): 0
	Average unshared data size (kbytes): 0
	Average stack size (kbytes): 0
	Average total size (kbytes): 0
	Maximum resident set size (kbytes): 5744492
	Average resident set size (kbytes): 0
	Major (requiring I/O) page faults: 0
	Minor (reclaiming a frame) page faults: 1494707
	Voluntary context switches: 59205
	Involuntary context switches: 44414
	Swaps: 0
	File system inputs: 176456
	File system outputs: 93880
	Socket messages sent: 0
	Socket messages received: 0
	Signals delivered: 0
	Page size (bytes): 4096
	Exit status: 0
