	Command being timed: "java -Xmx12g -jar data/raw/beagle.27Feb25.75f.jar gt=data/derived/array_targets.qc.vcf.gz ref=data/derived/panelA.vcf.gz map=data/raw/plink.chr20.GRCh37.map out=results/imputed_A nthreads=6"
	User time (seconds): 250.21
	System time (seconds): 28.64
	Percent of CPU this job got: 525%
	Elapsed (wall clock) time (h:mm:ss or m:ss): 0:53.06
	Average shared text size (kbytes): 0
	Average unshared data size (kbytes): 0
	Average stack size (kbytes): 0
	Average total size (kbytes): 0
	Maximum resident set size (kbytes): 7386624
	Average resident set size (kbytes): 0
	Major (requiring I/O) page faults: 0
	Minor (reclaiming a frame) page faults: 1860271
	Voluntary context switches: 62249
	Involuntary context switches: 46558
	Swaps: 0
	File system inputs: 181576
	File system outputs: 90080
	Socket messages sent: 0
	Socket messages received: 0
	Signals delivered: 0
	Page size (bytes): 4096
	Exit status: 0
